[debug] [2026-05-11T04:36:55.449Z] ----------------------------------------------------------------------
[debug] [2026-05-11T04:36:55.458Z] Command:       C:\Program Files\nodejs\node.exe C:\Users\rodri\AppData\Roaming\npm\node_modules\firebase-tools\lib\bin\firebase.js init
[debug] [2026-05-11T04:36:55.460Z] CLI Version:   15.15.0
[debug] [2026-05-11T04:36:55.460Z] Platform:      win32
[debug] [2026-05-11T04:36:55.460Z] Node Version:  v22.21.1
[debug] [2026-05-11T04:36:55.461Z] Time:          Mon May 11 2026 01:36:55 GMT-0300 (hora estándar de Argentina)
[debug] [2026-05-11T04:36:55.462Z] ----------------------------------------------------------------------
[debug] 
[info] 
     ######## #### ########  ######## ########     ###     ######  ########
     ##        ##  ##     ## ##       ##     ##  ##   ##  ##       ##
     ######    ##  ########  ######   ########  #########  ######  ######
     ##        ##  ##    ##  ##       ##     ## ##     ##       ## ##
     ##       #### ##     ## ######## ########  ##     ##  ######  ########

You're about to initialize a Firebase project in this directory:

  C:\Users\rodri\Desktop\NorthPay\frontend

[debug] [2026-05-11T04:42:45.214Z] ExitPromptError: User force closed the prompt with SIGINT
    at Interface.sigint (C:\Users\rodri\AppData\Roaming\npm\node_modules\firebase-tools\node_modules\@inquirer\core\dist\commonjs\lib\create-prompt.js:101:37)
    at Interface.emit (node:events:519:28)
    at [_ttyWrite] [as _ttyWrite] (node:internal/readline/interface:1134:18)
    at ReadStream.onkeypress (node:internal/readline/interface:271:20)
    at ReadStream.emit (node:events:531:35)
    at emitKeys (node:internal/readline/utils:370:14)
    at emitKeys.next (<anonymous>)
    at ReadStream.onData (node:internal/readline/emitKeypressEvents:64:36)
    at ReadStream.emit (node:events:519:28)
    at addChunk (node:internal/streams/readable:561:12)
[error] 
[error] Error: An unexpected error has occurred.
